[INFO] Scanning for projects...
[INFO] 
[INFO] ------------------< com.smartcampus:smart-campus-api >------------------
[INFO] Building smart-campus-api 0.0.1-SNAPSHOT
[INFO]   from pom.xml
[INFO] --------------------------------[ jar ]---------------------------------
[INFO] 
[INFO] >>> spring-boot:3.4.1:run (default-cli) > test-compile @ smart-campus-api >>>
[INFO] 
[INFO] --- resources:3.3.1:resources (default-resources) @ smart-campus-api ---
[INFO] Copying 1 resource from src\main\resources to target\classes
[INFO] Copying 0 resource from src\main\resources to target\classes
[INFO] 
[INFO] --- compiler:3.13.0:compile (default-compile) @ smart-campus-api ---
[INFO] Nothing to compile - all classes are up to date.
[INFO] 
[INFO] --- resources:3.3.1:testResources (default-testResources) @ smart-campus-api ---
[INFO] skip non existing resourceDirectory D:\Smart-Campus\backend\src\test\resources
[INFO] 
[INFO] --- compiler:3.13.0:testCompile (default-testCompile) @ smart-campus-api ---
[INFO] Nothing to compile - all classes are up to date.
[INFO] 
[INFO] <<< spring-boot:3.4.1:run (default-cli) < test-compile @ smart-campus-api <<<
[INFO] 
[INFO] 
[INFO] --- spring-boot:3.4.1:run (default-cli) @ smart-campus-api ---
[INFO] Attaching agents: []

  .   ____          _            __ _ _
 /\\ / ___'_ __ _ _(_)_ __  __ _ \ \ \ \
( ( )\___ | '_ | '_| | '_ \/ _` | \ \ \ \
 \\/  ___)| |_)| | | | | || (_| |  ) ) ) )
  '  |____| .__|_| |_|_| |_\__, | / / / /
 =========|_|==============|___/=/_/_/_/

 :: Spring Boot ::                (v3.4.1)

2026-04-08T04:29:21.138+05:30  INFO 24096 --- [smart-campus-api] [  restartedMain] s.SmartCampusApiApplication              : Starting SmartCampusApiApplication using Java 24.0.1 with PID 24096 (D:\Smart-Campus\backend\target\classes started by ASUS in D:\Smart-Campus\backend)
2026-04-08T04:29:21.142+05:30  INFO 24096 --- [smart-campus-api] [  restartedMain] s.SmartCampusApiApplication              : No active profile set, falling back to 1 default profile: "default"
2026-04-08T04:29:21.228+05:30  INFO 24096 --- [smart-campus-api] [  restartedMain] .e.DevToolsPropertyDefaultsPostProcessor : Devtools property defaults active! Set 'spring.devtools.add-properties' to 'false' to disable
2026-04-08T04:29:21.228+05:30  INFO 24096 --- [smart-campus-api] [  restartedMain] .e.DevToolsPropertyDefaultsPostProcessor : For additional web related logging consider setting the 'logging.level.web' property to 'DEBUG'
2026-04-08T04:29:21.857+05:30  INFO 24096 --- [smart-campus-api] [  restartedMain] .s.d.r.c.RepositoryConfigurationDelegate : Bootstrapping Spring Data MongoDB repositories in DEFAULT mode.
2026-04-08T04:29:21.917+05:30  INFO 24096 --- [smart-campus-api] [  restartedMain] .s.d.r.c.RepositoryConfigurationDelegate : Finished Spring Data repository scanning in 52 ms. Found 2 MongoDB repository interfaces.
WARNING: A restricted method in java.lang.System has been called
WARNING: java.lang.System::load has been called by org.apache.tomcat.jni.Library in an unnamed module (file:/C:/Users/ASUS/.m2/repository/org/apache/tomcat/embed/tomcat-embed-core/10.1.34/tomcat-embed-core-10.1.34.jar)
WARNING: Use --enable-native-access=ALL-UNNAMED to avoid a warning for callers in this module
WARNING: Restricted methods will be blocked in a future release unless native access is enabled

2026-04-08T04:29:22.937+05:30  INFO 24096 --- [smart-campus-api] [  restartedMain] o.s.b.w.embedded.tomcat.TomcatWebServer  : Tomcat initialized with port 8080 (http)
2026-04-08T04:29:22.954+05:30  INFO 24096 --- [smart-campus-api] [  restartedMain] o.apache.catalina.core.StandardService   : Starting service [Tomcat]
2026-04-08T04:29:22.954+05:30  INFO 24096 --- [smart-campus-api] [  restartedMain] o.apache.catalina.core.StandardEngine    : Starting Servlet engine: [Apache Tomcat/10.1.34]
2026-04-08T04:29:23.023+05:30  INFO 24096 --- [smart-campus-api] [  restartedMain] o.a.c.c.C.[Tomcat].[localhost].[/]       : Initializing Spring embedded WebApplicationContext
2026-04-08T04:29:23.024+05:30  INFO 24096 --- [smart-campus-api] [  restartedMain] w.s.c.ServletWebServerApplicationContext : Root WebApplicationContext: initialization completed in 1795 ms
2026-04-08T04:29:23.350+05:30  INFO 24096 --- [smart-campus-api] [  restartedMain] org.mongodb.driver.client                : MongoClient with metadata {"driver": {"name": "mongo-java-driver|sync|spring-boot", "version": "5.2.1"}, "os": {"type": "Windows", "name": "Windows 11", "architecture": "amd64", "version": "10.0"}, "platform": "Java/Oracle Corporation/24.0.1+9-30"} created with settings MongoClientSettings{readPreference=primary, writeConcern=WriteConcern{w=null, wTimeout=null ms, journal=null}, retryWrites=true, retryReads=true, readConcern=ReadConcern{level=null}, credential=MongoCredential{mechanism=null, userName='pafproject', source='admin', password=<hidden>, mechanismProperties=<hidden>}, transportSettings=null, commandListeners=[], codecRegistry=ProvidersCodecRegistry{codecProviders=[ValueCodecProvider{}, BsonValueCodecProvider{}, DBRefCodecProvider{}, DBObjectCodecProvider{}, DocumentCodecProvider{}, CollectionCodecProvider{}, IterableCodecProvider{}, MapCodecProvider{}, GeoJsonCodecProvider{}, GridFSFileCodecProvider{}, Jsr310CodecProvider{}, JsonObjectCodecProvider{}, BsonCodecProvider{}, EnumCodecProvider{}, com.mongodb.client.model.mql.ExpressionCodecProvider@2930cc98, com.mongodb.Jep395RecordCodecProvider@6c8d9310, com.mongodb.KotlinCodecProvider@23ff8116]}, loggerSettings=LoggerSettings{maxDocumentLength=1000}, clusterSettings={hosts=[127.0.0.1:27017], srvHost=cluster0.tywbgdc.mongodb.net, srvServiceName=mongodb, mode=MULTIPLE, requiredClusterType=REPLICA_SET, requiredReplicaSetName='atlas-gqaxmg-shard-0', serverSelector='null', clusterListeners='[]', serverSelectionTimeout='30000 ms', localThreshold='15 ms'}, socketSettings=SocketSettings{connectTimeoutMS=10000, readTimeoutMS=0, receiveBufferSize=0, proxySettings=ProxySettings{host=null, port=null, username=null, password=null}}, heartbeatSocketSettings=SocketSettings{connectTimeoutMS=10000, readTimeoutMS=10000, receiveBufferSize=0, proxySettings=ProxySettings{host=null, port=null, username=null, password=null}}, connectionPoolSettings=ConnectionPoolSettings{maxSize=100, minSize=0, maxWaitTimeMS=120000, maxConnectionLifeTimeMS=0, maxConnectionIdleTimeMS=0, maintenanceInitialDelayMS=0, maintenanceFrequencyMS=60000, connectionPoolListeners=[], maxConnecting=2}, serverSettings=ServerSettings{heartbeatFrequencyMS=10000, minHeartbeatFrequencyMS=500, serverMonitoringMode=AUTO, serverListeners='[]', serverMonitorListeners='[]'}, sslSettings=SslSettings{enabled=true, invalidHostNameAllowed=false, context=null}, applicationName='null', compressorList=[], uuidRepresentation=JAVA_LEGACY, serverApi=null, autoEncryptionSettings=null, dnsClient=null, inetAddressResolver=null, contextProvider=null, timeoutMS=null}
2026-04-08T04:29:23.519+05:30  INFO 24096 --- [smart-campus-api] [gdc.mongodb.net] org.mongodb.driver.cluster               : Adding discovered server ac-ncxsujx-shard-00-00.tywbgdc.mongodb.net:27017 to client view of cluster
2026-04-08T04:29:23.568+05:30  INFO 24096 --- [smart-campus-api] [gdc.mongodb.net] org.mongodb.driver.cluster               : Adding discovered server ac-ncxsujx-shard-00-02.tywbgdc.mongodb.net:27017 to client view of cluster
2026-04-08T04:29:23.580+05:30  INFO 24096 --- [smart-campus-api] [gdc.mongodb.net] org.mongodb.driver.cluster               : Adding discovered server ac-ncxsujx-shard-00-01.tywbgdc.mongodb.net:27017 to client view of cluster
2026-04-08T04:29:24.028+05:30 DEBUG 24096 --- [smart-campus-api] [  restartedMain] c.s.security.JwtAuthenticationFilter     : Filter 'jwtAuthenticationFilter' configured for use
2026-04-08T04:29:24.052+05:30  INFO 24096 --- [smart-campus-api] [  restartedMain] o.s.b.d.a.OptionalLiveReloadServer       : LiveReload server is running on port 35729
2026-04-08T04:29:24.332+05:30 DEBUG 24096 --- [smart-campus-api] [  restartedMain] swordEncoderAuthenticationManagerBuilder : No authenticationProviders and no parentAuthenticationManager defined. Returning null.
2026-04-08T04:29:24.796+05:30 DEBUG 24096 --- [smart-campus-api] [  restartedMain] o.s.s.web.DefaultSecurityFilterChain     : Will secure any request with filters: DisableEncodeUrlFilter, WebAsyncManagerIntegrationFilter, SecurityContextHolderFilter, HeaderWriterFilter, CorsFilter, LogoutFilter, OAuth2AuthorizationRequestRedirectFilter, OAuth2LoginAuthenticationFilter, JwtAuthenticationFilter, DefaultResourcesFilter, DefaultLoginPageGeneratingFilter, DefaultLogoutPageGeneratingFilter, RequestCacheAwareFilter, SecurityContextHolderAwareRequestFilter, AnonymousAuthenticationFilter, SessionManagementFilter, ExceptionTranslationFilter, AuthorizationFilter
2026-04-08T04:29:25.027+05:30  INFO 24096 --- [smart-campus-api] [ngodb.net:27017] org.mongodb.driver.cluster               : Monitor thread successfully connected to server with description ServerDescription{address=ac-ncxsujx-shard-00-02.tywbgdc.mongodb.net:27017, type=REPLICA_SET_SECONDARY, cryptd=false, state=CONNECTED, ok=true, minWireVersion=0, maxWireVersion=25, maxDocumentSize=16777216, logicalSessionTimeoutMinutes=30, roundTripTimeNanos=779889900, minRoundTripTimeNanos=0, setName='atlas-gqaxmg-shard-0', canonicalAddress=ac-ncxsujx-shard-00-02.tywbgdc.mongodb.net:27017, hosts=[ac-ncxsujx-shard-00-01.tywbgdc.mongodb.net:27017, ac-ncxsujx-shard-00-02.tywbgdc.mongodb.net:27017, ac-ncxsujx-shard-00-00.tywbgdc.mongodb.net:27017], passives=[], arbiters=[], primary='ac-ncxsujx-shard-00-01.tywbgdc.mongodb.net:27017', tagSet=TagSet{[Tag{name='availabilityZone', value='aps1-az2'}, Tag{name='diskState', value='READY'}, Tag{name='nodeType', value='ELECTABLE'}, Tag{name='provider', value='AWS'}, Tag{name='region', value='AP_SOUTH_1'}, Tag{name='workloadType', value='OPERATIONAL'}]}, electionId=null, setVersion=37, topologyVersion=TopologyVersion{processId=69d0233f42cc7ed7dc37f42d, counter=3}, lastWriteDate=Wed Apr 08 04:29:25 IST 2026, lastUpdateTimeNanos=7700732304900}
2026-04-08T04:29:25.027+05:30  INFO 24096 --- [smart-campus-api] [ngodb.net:27017] org.mongodb.driver.cluster               : Monitor thread successfully connected to server with description ServerDescription{address=ac-ncxsujx-shard-00-00.tywbgdc.mongodb.net:27017, type=REPLICA_SET_SECONDARY, cryptd=false, state=CONNECTED, ok=true, minWireVersion=0, maxWireVersion=25, maxDocumentSize=16777216, logicalSessionTimeoutMinutes=30, roundTripTimeNanos=779835900, minRoundTripTimeNanos=0, setName='atlas-gqaxmg-shard-0', canonicalAddress=ac-ncxsujx-shard-00-00.tywbgdc.mongodb.net:27017, hosts=[ac-ncxsujx-shard-00-01.tywbgdc.mongodb.net:27017, ac-ncxsujx-shard-00-02.tywbgdc.mongodb.net:27017, ac-ncxsujx-shard-00-00.tywbgdc.mongodb.net:27017], passives=[], arbiters=[], primary='ac-ncxsujx-shard-00-01.tywbgdc.mongodb.net:27017', tagSet=TagSet{[Tag{name='availabilityZone', value='aps1-az1'}, Tag{name='diskState', value='READY'}, Tag{name='nodeType', value='ELECTABLE'}, Tag{name='provider', value='AWS'}, Tag{name='region', value='AP_SOUTH_1'}, Tag{name='workloadType', value='OPERATIONAL'}]}, electionId=null, setVersion=37, topologyVersion=TopologyVersion{processId=69d01e766a2ac092a0edf986, counter=4}, lastWriteDate=Wed Apr 08 04:29:25 IST 2026, lastUpdateTimeNanos=7700732296900}
2026-04-08T04:29:25.027+05:30  INFO 24096 --- [smart-campus-api] [ngodb.net:27017] org.mongodb.driver.cluster               : Monitor thread successfully connected to server with description ServerDescription{address=ac-ncxsujx-shard-00-01.tywbgdc.mongodb.net:27017, type=REPLICA_SET_PRIMARY, cryptd=false, state=CONNECTED, ok=true, minWireVersion=0, maxWireVersion=25, maxDocumentSize=16777216, logicalSessionTimeoutMinutes=30, roundTripTimeNanos=780010900, minRoundTripTimeNanos=0, setName='atlas-gqaxmg-shard-0', canonicalAddress=ac-ncxsujx-shard-00-01.tywbgdc.mongodb.net:27017, hosts=[ac-ncxsujx-shard-00-01.tywbgdc.mongodb.net:27017, ac-ncxsujx-shard-00-02.tywbgdc.mongodb.net:27017, ac-ncxsujx-shard-00-00.tywbgdc.mongodb.net:27017], passives=[], arbiters=[], primary='ac-ncxsujx-shard-00-01.tywbgdc.mongodb.net:27017', tagSet=TagSet{[Tag{name='availabilityZone', value='aps1-az3'}, Tag{name='diskState', value='READY'}, Tag{name='nodeType', value='ELECTABLE'}, Tag{name='provider', value='AWS'}, Tag{name='region', value='AP_SOUTH_1'}, Tag{name='workloadType', value='OPERATIONAL'}]}, electionId=7fffffff0000000000000093, setVersion=37, topologyVersion=TopologyVersion{processId=69d020b582f1726ab9906aeb, counter=6}, lastWriteDate=Wed Apr 08 04:29:25 IST 2026, lastUpdateTimeNanos=7700732421000}
2026-04-08T04:29:25.034+05:30  INFO 24096 --- [smart-campus-api] [ngodb.net:27017] org.mongodb.driver.cluster               : Discovered replica set primary ac-ncxsujx-shard-00-01.tywbgdc.mongodb.net:27017 with max election id 7fffffff0000000000000093 and max set version 37
2026-04-08T04:29:25.093+05:30  WARN 24096 --- [smart-campus-api] [  restartedMain] ConfigServletWebServerApplicationContext : Exception encountered during context initialization - cancelling refresh attempt: org.springframework.context.ApplicationContextException: Failed to start bean 'webServerStartStop'
2026-04-08T04:29:25.120+05:30  INFO 24096 --- [smart-campus-api] [  restartedMain] .s.b.a.l.ConditionEvaluationReportLogger : 

Error starting ApplicationContext. To display the condition evaluation report re-run your application with 'debug' enabled.
2026-04-08T04:29:25.140+05:30 ERROR 24096 --- [smart-campus-api] [  restartedMain] o.s.b.d.LoggingFailureAnalysisReporter   : 

***************************
APPLICATION FAILED TO START
***************************

Description:

Web server failed to start. Port 8080 was already in use.

Action:

Identify and stop the process that's listening on port 8080 or configure this application to listen on another port.

[INFO] ------------------------------------------------------------------------
[INFO] BUILD SUCCESS
[INFO] ------------------------------------------------------------------------
[INFO] Total time:  8.032 s
[INFO] Finished at: 2026-04-08T04:29:25+05:30
[INFO] ------------------------------------------------------------------------
